Running ../../examples/copy-list.tml
val it = Cons (_, Cons (4, Nil)) : intlist
