Running ../../examples/exceptions.tml
val it = 17 : int
