Running ../../examples/icfp17-example2.tml
val it = let a = _
in let b = ref 2
   in map
      fun f c => b := !b - 1 ;; if !c = 0
                                then raise "Division by zero"
                                else _
      RefCons (_, RefCons (b, _)) : trace(intlist)
