Running ../../examples/icfp17-example.tml
val it = let f = (fun f x =>
           if x == 0
           then y := 6 * !z
           else _) in
try
  f 0
with _ =>
  _
;; !y : trace(int)
