Running ../../examples/map-increment.tml
val it = Cons (7, Cons (8, Cons (3, Nil))) : intlist
