Running ../../examples/map.tml
val it = Cons (4, Cons (5, Cons (6, Nil))) : intlist
