Running ../../examples/meanSquare.tml
val it = (Cons (1, Cons (4, Cons (64, Cons (25, Nil)))), 23) : (intlist * int)
