Running ../../examples/meanSquareDiff.tml
val it = Cons (-22, Cons (-19, Cons (41, Cons (2, Nil)))) : intlist
