Running ../../examples/mergesort.tml
val it = Cons (12, Cons (12, Cons (12, Cons (12, Cons (18, Cons (23, Cons (23, Cons (23, Nil)))))))) : intlist
