Running ../../examples/proportion.tml
val it = Cons (6, Cons (12, Cons (50, Cons (31, Nil)))) : intlist
