Running ../../examples/refs-bslice.tml
val it = let n = ref _ in
let m = n in
_ ;; m := 1 ;; !n : trace(int)
