Running ../../examples/reverse-trace-expr.tml
roll(inr((1 @ x_399,roll(inr((2 @ x_395,roll(inr((3 @ x_391,roll(inr((4 @ x_387,roll(inr((5 @ x_383,roll(inr((6 @ x_379,roll(inr((7 @ x_375,roll(inr((8 @ x_371,roll(inr((9 @ x_367,roll(inr((10 @ x_363,roll(inr((11 @ x_359,roll(inr((12 @ x_355,roll(inr((13 @ x_351,roll(inr((14 @ x_347,roll(inr((15 @ x_343,roll(inr((16 @ x_339,roll(inr((17 @ x_335,roll(inr((18 @ x_331,roll(inr((19 @ x_327,roll(inr((20 @ x_323,roll(inr((21 @ x_319,roll(inr((22 @ x_315,roll(inr((23 @ x_311,roll(inr((24 @ x_307,roll(inr((25 @ x_303,roll(inr((26 @ x_299,roll(inr((27 @ x_295,roll(inr((28 @ x_291,roll(inr((29 @ x_287,roll(inr((30 @ x_283,roll(inr((31 @ x_279,roll(inr((32 @ x_275,roll(inr((33 @ x_271,roll(inr((34 @ x_267,roll(inr((35 @ x_263,roll(inr((36 @ x_259,roll(inr((37 @ x_255,roll(inr((38 @ x_251,roll(inr((39 @ x_247,roll(inr((40 @ x_243,roll(inr((41 @ x_239,roll(inr((42 @ x_235,roll(inr((43 @ x_231,roll(inr((44 @ x_227,roll(inr((45 @ x_223,roll(inr((46 @ x_219,roll(inr((47 @ x_215,roll(inr((48 @ x_211,roll(inr((49 @ x_207,roll(inr((50 @ x_203,roll(inr((51 @ x_199,roll(inr((52 @ x_195,roll(inr((53 @ x_191,roll(inr((54 @ x_187,roll(inr((55 @ x_183,roll(inr((56 @ x_179,roll(inr((57 @ x_175,roll(inr((58 @ x_171,roll(inr((59 @ x_167,roll(inr((60 @ x_163,roll(inr((61 @ x_159,roll(inr((62 @ x_155,roll(inr((63 @ x_151,roll(inr((64 @ x_147,roll(inr((65 @ x_143,roll(inr((66 @ x_139,roll(inr((67 @ x_135,roll(inr((68 @ x_131,roll(inr((69 @ x_127,roll(inr((70 @ x_123,roll(inr((71 @ x_119,roll(inr((72 @ x_115,roll(inr((73 @ x_111,roll(inr((74 @ x_107,roll(inr((75 @ x_103,roll(inr((76 @ x_99,roll(inr((77 @ x_95,roll(inr((78 @ x_91,roll(inr((79 @ x_87,roll(inr((80 @ x_83,roll(inr((81 @ x_79,roll(inr((82 @ x_75,roll(inr((83 @ x_71,roll(inr((84 @ x_67,roll(inr((85 @ x_63,roll(inr((86 @ x_59,roll(inr((87 @ x_55,roll(inr((88 @ x_51,roll(inr((89 @ x_47,roll(inr((90 @ x_43,roll(inr((91 @ x_39,roll(inr((92 @ x_35,roll(inr((93 @ x_31,roll(inr((94 @ x_27,roll(inr((95 @ x_23,roll(inr((96 @ x_19,roll(inr((97 @ x_15,roll(inr((98 @ x_11,roll(inr((99 @ x_7,roll(inr((100 @ x_3,roll(inl(()))))))))))))))))))))))))))))))))))))))))))))))))))))))))))))))))))))))))))))))))))))))))))))))))))))))))))))))))))))))))))))))))))))))))))))))))))))))))))))))))))))))))))))))))))))))))))))))))))))))))))))))))))))))))))))))))))))))))))))))))))))))))))))))))))))))))))))))))))))))))))))))))))))))))))))))
val it = Cons
  (1,
   Cons
     (2,
      Cons
        (3,
         Cons
           (4,
            Cons
              (5,
               Cons
                 (6,
                  Cons
                    (7,
                     Cons
                       (8,
                        Cons
                          (9,
                           Cons
                             (10,
                              Cons
                                (11,
                                 Cons
                                   (12,
                                    Cons
                                      (13,
                                       Cons
                                         (14,
                                          Cons
                                            (15,
                                             Cons
                                               (16,
                                                Cons
                                                  (17,
                                                   Cons
                                                     (18,
                                                      Cons
                                                        (19,
                                                         Cons
                                                           (20,
                                                            Cons
                                                              (21,
                                                               Cons
                                                                 (22,
                                                                  Cons
                                                                    (23,
                                                                     Cons
                                                                       (24,
                                                                        Cons
                                                                          (25,
                                                                           Cons
                                                                             (26,
                                                                              Cons
                                                                                (27,
                                                                                 Cons
                                                                                   (28,
                                                                                    Cons
                                                                                      (29,
                                                                                       Cons
                                                                                         (30,
                                                                                          Cons
                                                                                            (31,
                                                                                             Cons
                                                                                               (32,
                                                                                                Cons
                                                                                                  (33,
                                                                                                   Cons
                                                                                                     (34,
                                                                                                      Cons
                                                                                                        (35,
                                                                                                         Cons
                                                                                                           (36,
                                                                                                            Cons
                                                                                                              (37,
                                                                                                               Cons
                                                                                                                 (38,
                                                                                                                  Cons
                                                                                                                    (39,
                                                                                                                     Cons
                                                                                                                       (40,
                                                                                                                        Cons
                                                                                                                          (41,
                                                                                                                           Cons
                                                                                                                             (42,
                                                                                                                              Cons
                                                                                                                                (43,
                                                                                                                                 Cons
                                                                                                                                   (44,
                                                                                                                                    Cons
                                                                                                                                      (45,
                                                                                                                                       Cons
                                                                                                                                         (46,
                                                                                                                                          Cons
                                                                                                                                            (47,
                                                                                                                                             Cons
                                                                                                                                               (48,
                                                                                                                                                Cons
                                                                                                                                                  (49,
                                                                                                                                                   Cons
                                                                                                                                                     (50,
                                                                                                                                                      Cons
                                                                                                                                                        (51,
                                                                                                                                                         Cons
                                                                                                                                                           (52,
                                                                                                                                                            Cons
                                                                                                                                                              (53,
                                                                                                                                                               Cons
                                                                                                                                                                 (54,
                                                                                                                                                                  Cons
                                                                                                                                                                    (55,
                                                                                                                                                                     Cons
                                                                                                                                                                       (56,
                                                                                                                                                                        Cons
                                                                                                                                                                          (57,
                                                                                                                                                                           Cons
                                                                                                                                                                             (58,
                                                                                                                                                                              Cons
                                                                                                                                                                                (59,
                                                                                                                                                                                 Cons
                                                                                                                                                                                   (60,
                                                                                                                                                                                    Cons
                                                                                                                                                                                      (61,
                                                                                                                                                                                       Cons
                                                                                                                                                                                         (62,
                                                                                                                                                                                          Cons
                                                                                                                                                                                            (63,
                                                                                                                                                                                             Cons
                                                                                                                                                                                               (64,
                                                                                                                                                                                                Cons
                                                                                                                                                                                                  (65,
                                                                                                                                                                                                   Cons
                                                                                                                                                                                                     (66,
                                                                                                                                                                                                      Cons
                                                                                                                                                                                                        (67,
                                                                                                                                                                                                         Cons
                                                                                                                                                                                                           (68,
                                                                                                                                                                                                            Cons
                                                                                                                                                                                                              (69,
                                                                                                                                                                                                               Cons
                                                                                                                                                                                                                 (70,
                                                                                                                                                                                                                  Cons
                                                                                                                                                                                                                    (71,
                                                                                                                                                                                                                     Cons
                                                                                                                                                                                                                       (72,
                                                                                                                                                                                                                        Cons
                                                                                                                                                                                                                          (73,
                                                                                                                                                                                                                           Cons
                                                                                                                                                                                                                             (74,
                                                                                                                                                                                                                              Cons
                                                                                                                                                                                                                                (75,
                                                                                                                                                                                                                                 Cons
                                                                                                                                                                                                                                   (76,
                                                                                                                                                                                                                                    Cons
                                                                                                                                                                                                                                      (77,
                                                                                                                                                                                                                                       Cons
                                                                                                                                                                                                                                         (78,
                                                                                                                                                                                                                                          Cons
                                                                                                                                                                                                                                            (79,
                                                                                                                                                                                                                                             Cons
                                                                                                                                                                                                                                               (80,
                                                                                                                                                                                                                                                Cons
                                                                                                                                                                                                                                                  (81,
                                                                                                                                                                                                                                                   Cons
                                                                                                                                                                                                                                                     (82,
                                                                                                                                                                                                                                                      Cons
                                                                                                                                                                                                                                                        (83,
                                                                                                                                                                                                                                                         Cons
                                                                                                                                                                                                                                                           (84,
                                                                                                                                                                                                                                                            Cons
                                                                                                                                                                                                                                                              (85,
                                                                                                                                                                                                                                                               Cons
                                                                                                                                                                                                                                                                 (86,
                                                                                                                                                                                                                                                                  Cons
                                                                                                                                                                                                                                                                    (87,
                                                                                                                                                                                                                                                                     Cons
                                                                                                                                                                                                                                                                       (88,
                                                                                                                                                                                                                                                                        Cons
                                                                                                                                                                                                                                                                          (89,
                                                                                                                                                                                                                                                                           Cons
                                                                                                                                                                                                                                                                             (90,
                                                                                                                                                                                                                                                                              Cons
                                                                                                                                                                                                                                                                                (91,
                                                                                                                                                                                                                                                                                 Cons
                                                                                                                                                                                                                                                                                   (92,
                                                                                                                                                                                                                                                                                    Cons
                                                                                                                                                                                                                                                                                      (93,
                                                                                                                                                                                                                                                                                       Cons
                                                                                                                                                                                                                                                                                         (94,
                                                                                                                                                                                                                                                                                          Cons
                                                                                                                                                                                                                                                                                            (95,
                                                                                                                                                                                                                                                                                             Cons
                                                                                                                                                                                                                                                                                               (96,
                                                                                                                                                                                                                                                                                                Cons
                                                                                                                                                                                                                                                                                                  (97,
                                                                                                                                                                                                                                                                                                   Cons
                                                                                                                                                                                                                                                                                                     (98,
                                                                                                                                                                                                                                                                                                      Cons
                                                                                                                                                                                                                                                                                                        (99,
                                                                                                                                                                                                                                                                                                         Cons
                                                                                                                                                                                                                                                                                                           (100,
                                                                                                                                                                                                                                                                                                            Nil)))))))))))))))))))))))))))))))))))))))))))))))))))))))))))))))))))))))))))))))))))))))))))))))))))) : intlist
