Running ../../examples/reverse-slice-dep.tml
roll(inr((1 @ {299,300},[|_|]))) @ {0,1,2,3,4,5,6,7,8,9,10,11,12,13,14,15,16,17,18,19,20,21,22,23,24,25,26,27,28,29,30,31,32,33,34,35,36,37,38,39,40,41,42,43,44,45,46,47,48,49,50,51,52,53,54,55,56,57,58,59,60,61,62,63,64,65,66,67,68,69,70,71,72,73,74,75,76,77,78,79,80,81,82,83,84,85,86,87,88,89,90,91,92,93,94,95,96,97,98,99,100,101,102,103,104,105,106,107,108,109,110,111,112,113,114,115,116,117,118,119,120,121,122,123,124,125,126,127,128,129,130,131,132,133,134,135,136,137,138,139,140,141,142,143,144,145,146,147,148,149,150,151,152,153,154,155,156,157,158,159,160,161,162,163,164,165,166,167,168,169,170,171,172,173,174,175,176,177,178,179,180,181,182,183,184,185,186,187,188,189,190,191,192,193,194,195,196,197,198,199,200,201,202,203,204,205,206,207,208,209,210,211,212,213,214,215,216,217,218,219,220,221,222,223,224,225,226,227,228,229,230,231,232,233,234,235,236,237,238,239,240,241,242,243,244,245,246,247,248,249,250,251,252,253,254,255,256,257,258,259,260,261,262,263,264,265,266,267,268,269,270,271,272,273,274,275,276,277,278,279,280,281,282,283,284,285,286,287,288,289,290,291,292,293,294,295,296,297,298,299,301,302}
val it = Cons
  (1,
   Cons
     (2,
      Cons
        (3,
         Cons
           (4,
            Cons
              (5,
               Cons
                 (6,
                  Cons
                    (7,
                     Cons
                       (8,
                        Cons
                          (9,
                           Cons
                             (10,
                              Cons
                                (11,
                                 Cons
                                   (12,
                                    Cons
                                      (13,
                                       Cons
                                         (14,
                                          Cons
                                            (15,
                                             Cons
                                               (16,
                                                Cons
                                                  (17,
                                                   Cons
                                                     (18,
                                                      Cons
                                                        (19,
                                                         Cons
                                                           (20,
                                                            Cons
                                                              (21,
                                                               Cons
                                                                 (22,
                                                                  Cons
                                                                    (23,
                                                                     Cons
                                                                       (24,
                                                                        Cons
                                                                          (25,
                                                                           Cons
                                                                             (26,
                                                                              Cons
                                                                                (27,
                                                                                 Cons
                                                                                   (28,
                                                                                    Cons
                                                                                      (29,
                                                                                       Cons
                                                                                         (30,
                                                                                          Cons
                                                                                            (31,
                                                                                             Cons
                                                                                               (32,
                                                                                                Cons
                                                                                                  (33,
                                                                                                   Cons
                                                                                                     (34,
                                                                                                      Cons
                                                                                                        (35,
                                                                                                         Cons
                                                                                                           (36,
                                                                                                            Cons
                                                                                                              (37,
                                                                                                               Cons
                                                                                                                 (38,
                                                                                                                  Cons
                                                                                                                    (39,
                                                                                                                     Cons
                                                                                                                       (40,
                                                                                                                        Cons
                                                                                                                          (41,
                                                                                                                           Cons
                                                                                                                             (42,
                                                                                                                              Cons
                                                                                                                                (43,
                                                                                                                                 Cons
                                                                                                                                   (44,
                                                                                                                                    Cons
                                                                                                                                      (45,
                                                                                                                                       Cons
                                                                                                                                         (46,
                                                                                                                                          Cons
                                                                                                                                            (47,
                                                                                                                                             Cons
                                                                                                                                               (48,
                                                                                                                                                Cons
                                                                                                                                                  (49,
                                                                                                                                                   Cons
                                                                                                                                                     (50,
                                                                                                                                                      Cons
                                                                                                                                                        (51,
                                                                                                                                                         Cons
                                                                                                                                                           (52,
                                                                                                                                                            Cons
                                                                                                                                                              (53,
                                                                                                                                                               Cons
                                                                                                                                                                 (54,
                                                                                                                                                                  Cons
                                                                                                                                                                    (55,
                                                                                                                                                                     Cons
                                                                                                                                                                       (56,
                                                                                                                                                                        Cons
                                                                                                                                                                          (57,
                                                                                                                                                                           Cons
                                                                                                                                                                             (58,
                                                                                                                                                                              Cons
                                                                                                                                                                                (59,
                                                                                                                                                                                 Cons
                                                                                                                                                                                   (60,
                                                                                                                                                                                    Cons
                                                                                                                                                                                      (61,
                                                                                                                                                                                       Cons
                                                                                                                                                                                         (62,
                                                                                                                                                                                          Cons
                                                                                                                                                                                            (63,
                                                                                                                                                                                             Cons
                                                                                                                                                                                               (64,
                                                                                                                                                                                                Cons
                                                                                                                                                                                                  (65,
                                                                                                                                                                                                   Cons
                                                                                                                                                                                                     (66,
                                                                                                                                                                                                      Cons
                                                                                                                                                                                                        (67,
                                                                                                                                                                                                         Cons
                                                                                                                                                                                                           (68,
                                                                                                                                                                                                            Cons
                                                                                                                                                                                                              (69,
                                                                                                                                                                                                               Cons
                                                                                                                                                                                                                 (70,
                                                                                                                                                                                                                  Cons
                                                                                                                                                                                                                    (71,
                                                                                                                                                                                                                     Cons
                                                                                                                                                                                                                       (72,
                                                                                                                                                                                                                        Cons
                                                                                                                                                                                                                          (73,
                                                                                                                                                                                                                           Cons
                                                                                                                                                                                                                             (74,
                                                                                                                                                                                                                              Cons
                                                                                                                                                                                                                                (75,
                                                                                                                                                                                                                                 Cons
                                                                                                                                                                                                                                   (76,
                                                                                                                                                                                                                                    Cons
                                                                                                                                                                                                                                      (77,
                                                                                                                                                                                                                                       Cons
                                                                                                                                                                                                                                         (78,
                                                                                                                                                                                                                                          Cons
                                                                                                                                                                                                                                            (79,
                                                                                                                                                                                                                                             Cons
                                                                                                                                                                                                                                               (80,
                                                                                                                                                                                                                                                Cons
                                                                                                                                                                                                                                                  (81,
                                                                                                                                                                                                                                                   Cons
                                                                                                                                                                                                                                                     (82,
                                                                                                                                                                                                                                                      Cons
                                                                                                                                                                                                                                                        (83,
                                                                                                                                                                                                                                                         Cons
                                                                                                                                                                                                                                                           (84,
                                                                                                                                                                                                                                                            Cons
                                                                                                                                                                                                                                                              (85,
                                                                                                                                                                                                                                                               Cons
                                                                                                                                                                                                                                                                 (86,
                                                                                                                                                                                                                                                                  Cons
                                                                                                                                                                                                                                                                    (87,
                                                                                                                                                                                                                                                                     Cons
                                                                                                                                                                                                                                                                       (88,
                                                                                                                                                                                                                                                                        Cons
                                                                                                                                                                                                                                                                          (89,
                                                                                                                                                                                                                                                                           Cons
                                                                                                                                                                                                                                                                             (90,
                                                                                                                                                                                                                                                                              Cons
                                                                                                                                                                                                                                                                                (91,
                                                                                                                                                                                                                                                                                 Cons
                                                                                                                                                                                                                                                                                   (92,
                                                                                                                                                                                                                                                                                    Cons
                                                                                                                                                                                                                                                                                      (93,
                                                                                                                                                                                                                                                                                       Cons
                                                                                                                                                                                                                                                                                         (94,
                                                                                                                                                                                                                                                                                          Cons
                                                                                                                                                                                                                                                                                            (95,
                                                                                                                                                                                                                                                                                             Cons
                                                                                                                                                                                                                                                                                               (96,
                                                                                                                                                                                                                                                                                                Cons
                                                                                                                                                                                                                                                                                                  (97,
                                                                                                                                                                                                                                                                                                   Cons
                                                                                                                                                                                                                                                                                                     (98,
                                                                                                                                                                                                                                                                                                      Cons
                                                                                                                                                                                                                                                                                                        (99,
                                                                                                                                                                                                                                                                                                         Cons
                                                                                                                                                                                                                                                                                                           (100,
                                                                                                                                                                                                                                                                                                            Nil)))))))))))))))))))))))))))))))))))))))))))))))))))))))))))))))))))))))))))))))))))))))))))))))))))) : intlist
