Running ../../examples/reverse-trace-dep.tml
roll(inr((1 @ {398,399},roll(inr((2 @ {394,395},roll(inr((3 @ {390,391},roll(inr((4 @ {386,387},roll(inr((5 @ {382,383},roll(inr((6 @ {378,379},roll(inr((7 @ {374,375},roll(inr((8 @ {370,371},roll(inr((9 @ {366,367},roll(inr((10 @ {362,363},roll(inr((11 @ {358,359},roll(inr((12 @ {354,355},roll(inr((13 @ {350,351},roll(inr((14 @ {346,347},roll(inr((15 @ {342,343},roll(inr((16 @ {338,339},roll(inr((17 @ {334,335},roll(inr((18 @ {330,331},roll(inr((19 @ {326,327},roll(inr((20 @ {322,323},roll(inr((21 @ {318,319},roll(inr((22 @ {314,315},roll(inr((23 @ {310,311},roll(inr((24 @ {306,307},roll(inr((25 @ {302,303},roll(inr((26 @ {298,299},roll(inr((27 @ {294,295},roll(inr((28 @ {290,291},roll(inr((29 @ {286,287},roll(inr((30 @ {282,283},roll(inr((31 @ {278,279},roll(inr((32 @ {274,275},roll(inr((33 @ {270,271},roll(inr((34 @ {266,267},roll(inr((35 @ {262,263},roll(inr((36 @ {258,259},roll(inr((37 @ {254,255},roll(inr((38 @ {250,251},roll(inr((39 @ {246,247},roll(inr((40 @ {242,243},roll(inr((41 @ {238,239},roll(inr((42 @ {234,235},roll(inr((43 @ {230,231},roll(inr((44 @ {226,227},roll(inr((45 @ {222,223},roll(inr((46 @ {218,219},roll(inr((47 @ {214,215},roll(inr((48 @ {210,211},roll(inr((49 @ {206,207},roll(inr((50 @ {202,203},roll(inr((51 @ {198,199},roll(inr((52 @ {194,195},roll(inr((53 @ {190,191},roll(inr((54 @ {186,187},roll(inr((55 @ {182,183},roll(inr((56 @ {178,179},roll(inr((57 @ {174,175},roll(inr((58 @ {170,171},roll(inr((59 @ {166,167},roll(inr((60 @ {162,163},roll(inr((61 @ {158,159},roll(inr((62 @ {154,155},roll(inr((63 @ {150,151},roll(inr((64 @ {146,147},roll(inr((65 @ {142,143},roll(inr((66 @ {138,139},roll(inr((67 @ {134,135},roll(inr((68 @ {130,131},roll(inr((69 @ {126,127},roll(inr((70 @ {122,123},roll(inr((71 @ {118,119},roll(inr((72 @ {114,115},roll(inr((73 @ {110,111},roll(inr((74 @ {106,107},roll(inr((75 @ {102,103},roll(inr((76 @ {98,99},roll(inr((77 @ {94,95},roll(inr((78 @ {90,91},roll(inr((79 @ {86,87},roll(inr((80 @ {82,83},roll(inr((81 @ {78,79},roll(inr((82 @ {74,75},roll(inr((83 @ {70,71},roll(inr((84 @ {66,67},roll(inr((85 @ {62,63},roll(inr((86 @ {58,59},roll(inr((87 @ {54,55},roll(inr((88 @ {50,51},roll(inr((89 @ {46,47},roll(inr((90 @ {42,43},roll(inr((91 @ {38,39},roll(inr((92 @ {34,35},roll(inr((93 @ {30,31},roll(inr((94 @ {26,27},roll(inr((95 @ {22,23},roll(inr((96 @ {18,19},roll(inr((97 @ {14,15},roll(inr((98 @ {10,11},roll(inr((99 @ {6,7},roll(inr((100 @ {2,3},roll(inl(())))))))))))))))))))))))))))))))))))))))))))))))))))))))))))))))))))))))))))))))))))))))))))))))))))))))))))))))))))))))))))))))))))))))))))))))))))))))))))))))))))))))))))))))))))))))))))))))))))))))))))))))))))))))))))))))))))))))))))))))))))))))))))))))))))))))))))))))))))))))))))))))))))))))))))))) @ {0,1,2,4,5,6,8,9,10,12,13,14,16,17,18,20,21,22,24,25,26,28,29,30,32,33,34,36,37,38,40,41,42,44,45,46,48,49,50,52,53,54,56,57,58,60,61,62,64,65,66,68,69,70,72,73,74,76,77,78,80,81,82,84,85,86,88,89,90,92,93,94,96,97,98,100,101,102,104,105,106,108,109,110,112,113,114,116,117,118,120,121,122,124,125,126,128,129,130,132,133,134,136,137,138,140,141,142,144,145,146,148,149,150,152,153,154,156,157,158,160,161,162,164,165,166,168,169,170,172,173,174,176,177,178,180,181,182,184,185,186,188,189,190,192,193,194,196,197,198,200,201,202,204,205,206,208,209,210,212,213,214,216,217,218,220,221,222,224,225,226,228,229,230,232,233,234,236,237,238,240,241,242,244,245,246,248,249,250,252,253,254,256,257,258,260,261,262,264,265,266,268,269,270,272,273,274,276,277,278,280,281,282,284,285,286,288,289,290,292,293,294,296,297,298,300,301,302,304,305,306,308,309,310,312,313,314,316,317,318,320,321,322,324,325,326,328,329,330,332,333,334,336,337,338,340,341,342,344,345,346,348,349,350,352,353,354,356,357,358,360,361,362,364,365,366,368,369,370,372,373,374,376,377,378,380,381,382,384,385,386,388,389,390,392,393,394,396,397,398,400,401}
val it = Cons
  (1,
   Cons
     (2,
      Cons
        (3,
         Cons
           (4,
            Cons
              (5,
               Cons
                 (6,
                  Cons
                    (7,
                     Cons
                       (8,
                        Cons
                          (9,
                           Cons
                             (10,
                              Cons
                                (11,
                                 Cons
                                   (12,
                                    Cons
                                      (13,
                                       Cons
                                         (14,
                                          Cons
                                            (15,
                                             Cons
                                               (16,
                                                Cons
                                                  (17,
                                                   Cons
                                                     (18,
                                                      Cons
                                                        (19,
                                                         Cons
                                                           (20,
                                                            Cons
                                                              (21,
                                                               Cons
                                                                 (22,
                                                                  Cons
                                                                    (23,
                                                                     Cons
                                                                       (24,
                                                                        Cons
                                                                          (25,
                                                                           Cons
                                                                             (26,
                                                                              Cons
                                                                                (27,
                                                                                 Cons
                                                                                   (28,
                                                                                    Cons
                                                                                      (29,
                                                                                       Cons
                                                                                         (30,
                                                                                          Cons
                                                                                            (31,
                                                                                             Cons
                                                                                               (32,
                                                                                                Cons
                                                                                                  (33,
                                                                                                   Cons
                                                                                                     (34,
                                                                                                      Cons
                                                                                                        (35,
                                                                                                         Cons
                                                                                                           (36,
                                                                                                            Cons
                                                                                                              (37,
                                                                                                               Cons
                                                                                                                 (38,
                                                                                                                  Cons
                                                                                                                    (39,
                                                                                                                     Cons
                                                                                                                       (40,
                                                                                                                        Cons
                                                                                                                          (41,
                                                                                                                           Cons
                                                                                                                             (42,
                                                                                                                              Cons
                                                                                                                                (43,
                                                                                                                                 Cons
                                                                                                                                   (44,
                                                                                                                                    Cons
                                                                                                                                      (45,
                                                                                                                                       Cons
                                                                                                                                         (46,
                                                                                                                                          Cons
                                                                                                                                            (47,
                                                                                                                                             Cons
                                                                                                                                               (48,
                                                                                                                                                Cons
                                                                                                                                                  (49,
                                                                                                                                                   Cons
                                                                                                                                                     (50,
                                                                                                                                                      Cons
                                                                                                                                                        (51,
                                                                                                                                                         Cons
                                                                                                                                                           (52,
                                                                                                                                                            Cons
                                                                                                                                                              (53,
                                                                                                                                                               Cons
                                                                                                                                                                 (54,
                                                                                                                                                                  Cons
                                                                                                                                                                    (55,
                                                                                                                                                                     Cons
                                                                                                                                                                       (56,
                                                                                                                                                                        Cons
                                                                                                                                                                          (57,
                                                                                                                                                                           Cons
                                                                                                                                                                             (58,
                                                                                                                                                                              Cons
                                                                                                                                                                                (59,
                                                                                                                                                                                 Cons
                                                                                                                                                                                   (60,
                                                                                                                                                                                    Cons
                                                                                                                                                                                      (61,
                                                                                                                                                                                       Cons
                                                                                                                                                                                         (62,
                                                                                                                                                                                          Cons
                                                                                                                                                                                            (63,
                                                                                                                                                                                             Cons
                                                                                                                                                                                               (64,
                                                                                                                                                                                                Cons
                                                                                                                                                                                                  (65,
                                                                                                                                                                                                   Cons
                                                                                                                                                                                                     (66,
                                                                                                                                                                                                      Cons
                                                                                                                                                                                                        (67,
                                                                                                                                                                                                         Cons
                                                                                                                                                                                                           (68,
                                                                                                                                                                                                            Cons
                                                                                                                                                                                                              (69,
                                                                                                                                                                                                               Cons
                                                                                                                                                                                                                 (70,
                                                                                                                                                                                                                  Cons
                                                                                                                                                                                                                    (71,
                                                                                                                                                                                                                     Cons
                                                                                                                                                                                                                       (72,
                                                                                                                                                                                                                        Cons
                                                                                                                                                                                                                          (73,
                                                                                                                                                                                                                           Cons
                                                                                                                                                                                                                             (74,
                                                                                                                                                                                                                              Cons
                                                                                                                                                                                                                                (75,
                                                                                                                                                                                                                                 Cons
                                                                                                                                                                                                                                   (76,
                                                                                                                                                                                                                                    Cons
                                                                                                                                                                                                                                      (77,
                                                                                                                                                                                                                                       Cons
                                                                                                                                                                                                                                         (78,
                                                                                                                                                                                                                                          Cons
                                                                                                                                                                                                                                            (79,
                                                                                                                                                                                                                                             Cons
                                                                                                                                                                                                                                               (80,
                                                                                                                                                                                                                                                Cons
                                                                                                                                                                                                                                                  (81,
                                                                                                                                                                                                                                                   Cons
                                                                                                                                                                                                                                                     (82,
                                                                                                                                                                                                                                                      Cons
                                                                                                                                                                                                                                                        (83,
                                                                                                                                                                                                                                                         Cons
                                                                                                                                                                                                                                                           (84,
                                                                                                                                                                                                                                                            Cons
                                                                                                                                                                                                                                                              (85,
                                                                                                                                                                                                                                                               Cons
                                                                                                                                                                                                                                                                 (86,
                                                                                                                                                                                                                                                                  Cons
                                                                                                                                                                                                                                                                    (87,
                                                                                                                                                                                                                                                                     Cons
                                                                                                                                                                                                                                                                       (88,
                                                                                                                                                                                                                                                                        Cons
                                                                                                                                                                                                                                                                          (89,
                                                                                                                                                                                                                                                                           Cons
                                                                                                                                                                                                                                                                             (90,
                                                                                                                                                                                                                                                                              Cons
                                                                                                                                                                                                                                                                                (91,
                                                                                                                                                                                                                                                                                 Cons
                                                                                                                                                                                                                                                                                   (92,
                                                                                                                                                                                                                                                                                    Cons
                                                                                                                                                                                                                                                                                      (93,
                                                                                                                                                                                                                                                                                       Cons
                                                                                                                                                                                                                                                                                         (94,
                                                                                                                                                                                                                                                                                          Cons
                                                                                                                                                                                                                                                                                            (95,
                                                                                                                                                                                                                                                                                             Cons
                                                                                                                                                                                                                                                                                               (96,
                                                                                                                                                                                                                                                                                                Cons
                                                                                                                                                                                                                                                                                                  (97,
                                                                                                                                                                                                                                                                                                   Cons
                                                                                                                                                                                                                                                                                                     (98,
                                                                                                                                                                                                                                                                                                      Cons
                                                                                                                                                                                                                                                                                                        (99,
                                                                                                                                                                                                                                                                                                         Cons
                                                                                                                                                                                                                                                                                                           (100,
                                                                                                                                                                                                                                                                                                            Nil)))))))))))))))))))))))))))))))))))))))))))))))))))))))))))))))))))))))))))))))))))))))))))))))))))) : intlist
