Running ../../examples/reverse-trace-where.tml
roll(inr((1 @ 399,roll(inr((2 @ 395,roll(inr((3 @ 391,roll(inr((4 @ 387,roll(inr((5 @ 383,roll(inr((6 @ 379,roll(inr((7 @ 375,roll(inr((8 @ 371,roll(inr((9 @ 367,roll(inr((10 @ 363,roll(inr((11 @ 359,roll(inr((12 @ 355,roll(inr((13 @ 351,roll(inr((14 @ 347,roll(inr((15 @ 343,roll(inr((16 @ 339,roll(inr((17 @ 335,roll(inr((18 @ 331,roll(inr((19 @ 327,roll(inr((20 @ 323,roll(inr((21 @ 319,roll(inr((22 @ 315,roll(inr((23 @ 311,roll(inr((24 @ 307,roll(inr((25 @ 303,roll(inr((26 @ 299,roll(inr((27 @ 295,roll(inr((28 @ 291,roll(inr((29 @ 287,roll(inr((30 @ 283,roll(inr((31 @ 279,roll(inr((32 @ 275,roll(inr((33 @ 271,roll(inr((34 @ 267,roll(inr((35 @ 263,roll(inr((36 @ 259,roll(inr((37 @ 255,roll(inr((38 @ 251,roll(inr((39 @ 247,roll(inr((40 @ 243,roll(inr((41 @ 239,roll(inr((42 @ 235,roll(inr((43 @ 231,roll(inr((44 @ 227,roll(inr((45 @ 223,roll(inr((46 @ 219,roll(inr((47 @ 215,roll(inr((48 @ 211,roll(inr((49 @ 207,roll(inr((50 @ 203,roll(inr((51 @ 199,roll(inr((52 @ 195,roll(inr((53 @ 191,roll(inr((54 @ 187,roll(inr((55 @ 183,roll(inr((56 @ 179,roll(inr((57 @ 175,roll(inr((58 @ 171,roll(inr((59 @ 167,roll(inr((60 @ 163,roll(inr((61 @ 159,roll(inr((62 @ 155,roll(inr((63 @ 151,roll(inr((64 @ 147,roll(inr((65 @ 143,roll(inr((66 @ 139,roll(inr((67 @ 135,roll(inr((68 @ 131,roll(inr((69 @ 127,roll(inr((70 @ 123,roll(inr((71 @ 119,roll(inr((72 @ 115,roll(inr((73 @ 111,roll(inr((74 @ 107,roll(inr((75 @ 103,roll(inr((76 @ 99,roll(inr((77 @ 95,roll(inr((78 @ 91,roll(inr((79 @ 87,roll(inr((80 @ 83,roll(inr((81 @ 79,roll(inr((82 @ 75,roll(inr((83 @ 71,roll(inr((84 @ 67,roll(inr((85 @ 63,roll(inr((86 @ 59,roll(inr((87 @ 55,roll(inr((88 @ 51,roll(inr((89 @ 47,roll(inr((90 @ 43,roll(inr((91 @ 39,roll(inr((92 @ 35,roll(inr((93 @ 31,roll(inr((94 @ 27,roll(inr((95 @ 23,roll(inr((96 @ 19,roll(inr((97 @ 15,roll(inr((98 @ 11,roll(inr((99 @ 7,roll(inr((100 @ 3,roll(inl(()))))))))))))))))))))))))))))))))))))))))))))))))))))))))))))))))))))))))))))))))))))))))))))))))))))))))))))))))))))))))))))))))))))))))))))))))))))))))))))))))))))))))))))))))))))))))))))))))))))))))))))))))))))))))))))))))))))))))))))))))))))))))))))))))))))))))))))))))))))))))))))))))))))))))))))))
val it = Cons
  (1,
   Cons
     (2,
      Cons
        (3,
         Cons
           (4,
            Cons
              (5,
               Cons
                 (6,
                  Cons
                    (7,
                     Cons
                       (8,
                        Cons
                          (9,
                           Cons
                             (10,
                              Cons
                                (11,
                                 Cons
                                   (12,
                                    Cons
                                      (13,
                                       Cons
                                         (14,
                                          Cons
                                            (15,
                                             Cons
                                               (16,
                                                Cons
                                                  (17,
                                                   Cons
                                                     (18,
                                                      Cons
                                                        (19,
                                                         Cons
                                                           (20,
                                                            Cons
                                                              (21,
                                                               Cons
                                                                 (22,
                                                                  Cons
                                                                    (23,
                                                                     Cons
                                                                       (24,
                                                                        Cons
                                                                          (25,
                                                                           Cons
                                                                             (26,
                                                                              Cons
                                                                                (27,
                                                                                 Cons
                                                                                   (28,
                                                                                    Cons
                                                                                      (29,
                                                                                       Cons
                                                                                         (30,
                                                                                          Cons
                                                                                            (31,
                                                                                             Cons
                                                                                               (32,
                                                                                                Cons
                                                                                                  (33,
                                                                                                   Cons
                                                                                                     (34,
                                                                                                      Cons
                                                                                                        (35,
                                                                                                         Cons
                                                                                                           (36,
                                                                                                            Cons
                                                                                                              (37,
                                                                                                               Cons
                                                                                                                 (38,
                                                                                                                  Cons
                                                                                                                    (39,
                                                                                                                     Cons
                                                                                                                       (40,
                                                                                                                        Cons
                                                                                                                          (41,
                                                                                                                           Cons
                                                                                                                             (42,
                                                                                                                              Cons
                                                                                                                                (43,
                                                                                                                                 Cons
                                                                                                                                   (44,
                                                                                                                                    Cons
                                                                                                                                      (45,
                                                                                                                                       Cons
                                                                                                                                         (46,
                                                                                                                                          Cons
                                                                                                                                            (47,
                                                                                                                                             Cons
                                                                                                                                               (48,
                                                                                                                                                Cons
                                                                                                                                                  (49,
                                                                                                                                                   Cons
                                                                                                                                                     (50,
                                                                                                                                                      Cons
                                                                                                                                                        (51,
                                                                                                                                                         Cons
                                                                                                                                                           (52,
                                                                                                                                                            Cons
                                                                                                                                                              (53,
                                                                                                                                                               Cons
                                                                                                                                                                 (54,
                                                                                                                                                                  Cons
                                                                                                                                                                    (55,
                                                                                                                                                                     Cons
                                                                                                                                                                       (56,
                                                                                                                                                                        Cons
                                                                                                                                                                          (57,
                                                                                                                                                                           Cons
                                                                                                                                                                             (58,
                                                                                                                                                                              Cons
                                                                                                                                                                                (59,
                                                                                                                                                                                 Cons
                                                                                                                                                                                   (60,
                                                                                                                                                                                    Cons
                                                                                                                                                                                      (61,
                                                                                                                                                                                       Cons
                                                                                                                                                                                         (62,
                                                                                                                                                                                          Cons
                                                                                                                                                                                            (63,
                                                                                                                                                                                             Cons
                                                                                                                                                                                               (64,
                                                                                                                                                                                                Cons
                                                                                                                                                                                                  (65,
                                                                                                                                                                                                   Cons
                                                                                                                                                                                                     (66,
                                                                                                                                                                                                      Cons
                                                                                                                                                                                                        (67,
                                                                                                                                                                                                         Cons
                                                                                                                                                                                                           (68,
                                                                                                                                                                                                            Cons
                                                                                                                                                                                                              (69,
                                                                                                                                                                                                               Cons
                                                                                                                                                                                                                 (70,
                                                                                                                                                                                                                  Cons
                                                                                                                                                                                                                    (71,
                                                                                                                                                                                                                     Cons
                                                                                                                                                                                                                       (72,
                                                                                                                                                                                                                        Cons
                                                                                                                                                                                                                          (73,
                                                                                                                                                                                                                           Cons
                                                                                                                                                                                                                             (74,
                                                                                                                                                                                                                              Cons
                                                                                                                                                                                                                                (75,
                                                                                                                                                                                                                                 Cons
                                                                                                                                                                                                                                   (76,
                                                                                                                                                                                                                                    Cons
                                                                                                                                                                                                                                      (77,
                                                                                                                                                                                                                                       Cons
                                                                                                                                                                                                                                         (78,
                                                                                                                                                                                                                                          Cons
                                                                                                                                                                                                                                            (79,
                                                                                                                                                                                                                                             Cons
                                                                                                                                                                                                                                               (80,
                                                                                                                                                                                                                                                Cons
                                                                                                                                                                                                                                                  (81,
                                                                                                                                                                                                                                                   Cons
                                                                                                                                                                                                                                                     (82,
                                                                                                                                                                                                                                                      Cons
                                                                                                                                                                                                                                                        (83,
                                                                                                                                                                                                                                                         Cons
                                                                                                                                                                                                                                                           (84,
                                                                                                                                                                                                                                                            Cons
                                                                                                                                                                                                                                                              (85,
                                                                                                                                                                                                                                                               Cons
                                                                                                                                                                                                                                                                 (86,
                                                                                                                                                                                                                                                                  Cons
                                                                                                                                                                                                                                                                    (87,
                                                                                                                                                                                                                                                                     Cons
                                                                                                                                                                                                                                                                       (88,
                                                                                                                                                                                                                                                                        Cons
                                                                                                                                                                                                                                                                          (89,
                                                                                                                                                                                                                                                                           Cons
                                                                                                                                                                                                                                                                             (90,
                                                                                                                                                                                                                                                                              Cons
                                                                                                                                                                                                                                                                                (91,
                                                                                                                                                                                                                                                                                 Cons
                                                                                                                                                                                                                                                                                   (92,
                                                                                                                                                                                                                                                                                    Cons
                                                                                                                                                                                                                                                                                      (93,
                                                                                                                                                                                                                                                                                       Cons
                                                                                                                                                                                                                                                                                         (94,
                                                                                                                                                                                                                                                                                          Cons
                                                                                                                                                                                                                                                                                            (95,
                                                                                                                                                                                                                                                                                             Cons
                                                                                                                                                                                                                                                                                               (96,
                                                                                                                                                                                                                                                                                                Cons
                                                                                                                                                                                                                                                                                                  (97,
                                                                                                                                                                                                                                                                                                   Cons
                                                                                                                                                                                                                                                                                                     (98,
                                                                                                                                                                                                                                                                                                      Cons
                                                                                                                                                                                                                                                                                                        (99,
                                                                                                                                                                                                                                                                                                         Cons
                                                                                                                                                                                                                                                                                                           (100,
                                                                                                                                                                                                                                                                                                            Nil)))))))))))))))))))))))))))))))))))))))))))))))))))))))))))))))))))))))))))))))))))))))))))))))))))) : intlist
