Running ../../examples/sort-eval-trace-slice-profile2.tml
Profile {unProfile = fromList [((_root,mergesort),1),((split,split),9976),((mergesort,split),999),((mergesort,mergesort),1998),((mergesort,merge),999)]}
val it =  500500 : int
