Running ../../examples/sort-eval-trace-profile.tml
Profile {unProfile = fromList [(split,10975),(mergesort,1999),(merge,9976)]}
val it =  500500 : int
