Running ../../examples/sort-eval-trace-slice.tml
val it =  500500 : int
