Running ../../examples/sum-eval-trace-slice-expr.tml
500500 @ +(x_3,+(x_7,+(x_11,+(x_15,+(x_19,+(x_23,+(x_27,+(x_31,+(x_35,+(x_39,+(x_43,+(x_47,+(x_51,+(x_55,+(x_59,+(x_63,+(x_67,+(x_71,+(x_75,+(x_79,+(x_83,+(x_87,+(x_91,+(x_95,+(x_99,+(x_103,+(x_107,+(x_111,+(x_115,+(x_119,+(x_123,+(x_127,+(x_131,+(x_135,+(x_139,+(x_143,+(x_147,+(x_151,+(x_155,+(x_159,+(x_163,+(x_167,+(x_171,+(x_175,+(x_179,+(x_183,+(x_187,+(x_191,+(x_195,+(x_199,+(x_203,+(x_207,+(x_211,+(x_215,+(x_219,+(x_223,+(x_227,+(x_231,+(x_235,+(x_239,+(x_243,+(x_247,+(x_251,+(x_255,+(x_259,+(x_263,+(x_267,+(x_271,+(x_275,+(x_279,+(x_283,+(x_287,+(x_291,+(x_295,+(x_299,+(x_303,+(x_307,+(x_311,+(x_315,+(x_319,+(x_323,+(x_327,+(x_331,+(x_335,+(x_339,+(x_343,+(x_347,+(x_351,+(x_355,+(x_359,+(x_363,+(x_367,+(x_371,+(x_375,+(x_379,+(x_383,+(x_387,+(x_391,+(x_395,+(x_399,+(x_403,+(x_407,+(x_411,+(x_415,+(x_419,+(x_423,+(x_427,+(x_431,+(x_435,+(x_439,+(x_443,+(x_447,+(x_451,+(x_455,+(x_459,+(x_463,+(x_467,+(x_471,+(x_475,+(x_479,+(x_483,+(x_487,+(x_491,+(x_495,+(x_499,+(x_503,+(x_507,+(x_511,+(x_515,+(x_519,+(x_523,+(x_527,+(x_531,+(x_535,+(x_539,+(x_543,+(x_547,+(x_551,+(x_555,+(x_559,+(x_563,+(x_567,+(x_571,+(x_575,+(x_579,+(x_583,+(x_587,+(x_591,+(x_595,+(x_599,+(x_603,+(x_607,+(x_611,+(x_615,+(x_619,+(x_623,+(x_627,+(x_631,+(x_635,+(x_639,+(x_643,+(x_647,+(x_651,+(x_655,+(x_659,+(x_663,+(x_667,+(x_671,+(x_675,+(x_679,+(x_683,+(x_687,+(x_691,+(x_695,+(x_699,+(x_703,+(x_707,+(x_711,+(x_715,+(x_719,+(x_723,+(x_727,+(x_731,+(x_735,+(x_739,+(x_743,+(x_747,+(x_751,+(x_755,+(x_759,+(x_763,+(x_767,+(x_771,+(x_775,+(x_779,+(x_783,+(x_787,+(x_791,+(x_795,+(x_799,+(x_803,+(x_807,+(x_811,+(x_815,+(x_819,+(x_823,+(x_827,+(x_831,+(x_835,+(x_839,+(x_843,+(x_847,+(x_851,+(x_855,+(x_859,+(x_863,+(x_867,+(x_871,+(x_875,+(x_879,+(x_883,+(x_887,+(x_891,+(x_895,+(x_899,+(x_903,+(x_907,+(x_911,+(x_915,+(x_919,+(x_923,+(x_927,+(x_931,+(x_935,+(x_939,+(x_943,+(x_947,+(x_951,+(x_955,+(x_959,+(x_963,+(x_967,+(x_971,+(x_975,+(x_979,+(x_983,+(x_987,+(x_991,+(x_995,+(x_999,+(x_1003,+(x_1007,+(x_1011,+(x_1015,+(x_1019,+(x_1023,+(x_1027,+(x_1031,+(x_1035,+(x_1039,+(x_1043,+(x_1047,+(x_1051,+(x_1055,+(x_1059,+(x_1063,+(x_1067,+(x_1071,+(x_1075,+(x_1079,+(x_1083,+(x_1087,+(x_1091,+(x_1095,+(x_1099,+(x_1103,+(x_1107,+(x_1111,+(x_1115,+(x_1119,+(x_1123,+(x_1127,+(x_1131,+(x_1135,+(x_1139,+(x_1143,+(x_1147,+(x_1151,+(x_1155,+(x_1159,+(x_1163,+(x_1167,+(x_1171,+(x_1175,+(x_1179,+(x_1183,+(x_1187,+(x_1191,+(x_1195,+(x_1199,+(x_1203,+(x_1207,+(x_1211,+(x_1215,+(x_1219,+(x_1223,+(x_1227,+(x_1231,+(x_1235,+(x_1239,+(x_1243,+(x_1247,+(x_1251,+(x_1255,+(x_1259,+(x_1263,+(x_1267,+(x_1271,+(x_1275,+(x_1279,+(x_1283,+(x_1287,+(x_1291,+(x_1295,+(x_1299,+(x_1303,+(x_1307,+(x_1311,+(x_1315,+(x_1319,+(x_1323,+(x_1327,+(x_1331,+(x_1335,+(x_1339,+(x_1343,+(x_1347,+(x_1351,+(x_1355,+(x_1359,+(x_1363,+(x_1367,+(x_1371,+(x_1375,+(x_1379,+(x_1383,+(x_1387,+(x_1391,+(x_1395,+(x_1399,+(x_1403,+(x_1407,+(x_1411,+(x_1415,+(x_1419,+(x_1423,+(x_1427,+(x_1431,+(x_1435,+(x_1439,+(x_1443,+(x_1447,+(x_1451,+(x_1455,+(x_1459,+(x_1463,+(x_1467,+(x_1471,+(x_1475,+(x_1479,+(x_1483,+(x_1487,+(x_1491,+(x_1495,+(x_1499,+(x_1503,+(x_1507,+(x_1511,+(x_1515,+(x_1519,+(x_1523,+(x_1527,+(x_1531,+(x_1535,+(x_1539,+(x_1543,+(x_1547,+(x_1551,+(x_1555,+(x_1559,+(x_1563,+(x_1567,+(x_1571,+(x_1575,+(x_1579,+(x_1583,+(x_1587,+(x_1591,+(x_1595,+(x_1599,+(x_1603,+(x_1607,+(x_1611,+(x_1615,+(x_1619,+(x_1623,+(x_1627,+(x_1631,+(x_1635,+(x_1639,+(x_1643,+(x_1647,+(x_1651,+(x_1655,+(x_1659,+(x_1663,+(x_1667,+(x_1671,+(x_1675,+(x_1679,+(x_1683,+(x_1687,+(x_1691,+(x_1695,+(x_1699,+(x_1703,+(x_1707,+(x_1711,+(x_1715,+(x_1719,+(x_1723,+(x_1727,+(x_1731,+(x_1735,+(x_1739,+(x_1743,+(x_1747,+(x_1751,+(x_1755,+(x_1759,+(x_1763,+(x_1767,+(x_1771,+(x_1775,+(x_1779,+(x_1783,+(x_1787,+(x_1791,+(x_1795,+(x_1799,+(x_1803,+(x_1807,+(x_1811,+(x_1815,+(x_1819,+(x_1823,+(x_1827,+(x_1831,+(x_1835,+(x_1839,+(x_1843,+(x_1847,+(x_1851,+(x_1855,+(x_1859,+(x_1863,+(x_1867,+(x_1871,+(x_1875,+(x_1879,+(x_1883,+(x_1887,+(x_1891,+(x_1895,+(x_1899,+(x_1903,+(x_1907,+(x_1911,+(x_1915,+(x_1919,+(x_1923,+(x_1927,+(x_1931,+(x_1935,+(x_1939,+(x_1943,+(x_1947,+(x_1951,+(x_1955,+(x_1959,+(x_1963,+(x_1967,+(x_1971,+(x_1975,+(x_1979,+(x_1983,+(x_1987,+(x_1991,+(x_1995,+(x_1999,+(x_2003,+(x_2007,+(x_2011,+(x_2015,+(x_2019,+(x_2023,+(x_2027,+(x_2031,+(x_2035,+(x_2039,+(x_2043,+(x_2047,+(x_2051,+(x_2055,+(x_2059,+(x_2063,+(x_2067,+(x_2071,+(x_2075,+(x_2079,+(x_2083,+(x_2087,+(x_2091,+(x_2095,+(x_2099,+(x_2103,+(x_2107,+(x_2111,+(x_2115,+(x_2119,+(x_2123,+(x_2127,+(x_2131,+(x_2135,+(x_2139,+(x_2143,+(x_2147,+(x_2151,+(x_2155,+(x_2159,+(x_2163,+(x_2167,+(x_2171,+(x_2175,+(x_2179,+(x_2183,+(x_2187,+(x_2191,+(x_2195,+(x_2199,+(x_2203,+(x_2207,+(x_2211,+(x_2215,+(x_2219,+(x_2223,+(x_2227,+(x_2231,+(x_2235,+(x_2239,+(x_2243,+(x_2247,+(x_2251,+(x_2255,+(x_2259,+(x_2263,+(x_2267,+(x_2271,+(x_2275,+(x_2279,+(x_2283,+(x_2287,+(x_2291,+(x_2295,+(x_2299,+(x_2303,+(x_2307,+(x_2311,+(x_2315,+(x_2319,+(x_2323,+(x_2327,+(x_2331,+(x_2335,+(x_2339,+(x_2343,+(x_2347,+(x_2351,+(x_2355,+(x_2359,+(x_2363,+(x_2367,+(x_2371,+(x_2375,+(x_2379,+(x_2383,+(x_2387,+(x_2391,+(x_2395,+(x_2399,+(x_2403,+(x_2407,+(x_2411,+(x_2415,+(x_2419,+(x_2423,+(x_2427,+(x_2431,+(x_2435,+(x_2439,+(x_2443,+(x_2447,+(x_2451,+(x_2455,+(x_2459,+(x_2463,+(x_2467,+(x_2471,+(x_2475,+(x_2479,+(x_2483,+(x_2487,+(x_2491,+(x_2495,+(x_2499,+(x_2503,+(x_2507,+(x_2511,+(x_2515,+(x_2519,+(x_2523,+(x_2527,+(x_2531,+(x_2535,+(x_2539,+(x_2543,+(x_2547,+(x_2551,+(x_2555,+(x_2559,+(x_2563,+(x_2567,+(x_2571,+(x_2575,+(x_2579,+(x_2583,+(x_2587,+(x_2591,+(x_2595,+(x_2599,+(x_2603,+(x_2607,+(x_2611,+(x_2615,+(x_2619,+(x_2623,+(x_2627,+(x_2631,+(x_2635,+(x_2639,+(x_2643,+(x_2647,+(x_2651,+(x_2655,+(x_2659,+(x_2663,+(x_2667,+(x_2671,+(x_2675,+(x_2679,+(x_2683,+(x_2687,+(x_2691,+(x_2695,+(x_2699,+(x_2703,+(x_2707,+(x_2711,+(x_2715,+(x_2719,+(x_2723,+(x_2727,+(x_2731,+(x_2735,+(x_2739,+(x_2743,+(x_2747,+(x_2751,+(x_2755,+(x_2759,+(x_2763,+(x_2767,+(x_2771,+(x_2775,+(x_2779,+(x_2783,+(x_2787,+(x_2791,+(x_2795,+(x_2799,+(x_2803,+(x_2807,+(x_2811,+(x_2815,+(x_2819,+(x_2823,+(x_2827,+(x_2831,+(x_2835,+(x_2839,+(x_2843,+(x_2847,+(x_2851,+(x_2855,+(x_2859,+(x_2863,+(x_2867,+(x_2871,+(x_2875,+(x_2879,+(x_2883,+(x_2887,+(x_2891,+(x_2895,+(x_2899,+(x_2903,+(x_2907,+(x_2911,+(x_2915,+(x_2919,+(x_2923,+(x_2927,+(x_2931,+(x_2935,+(x_2939,+(x_2943,+(x_2947,+(x_2951,+(x_2955,+(x_2959,+(x_2963,+(x_2967,+(x_2971,+(x_2975,+(x_2979,+(x_2983,+(x_2987,+(x_2991,+(x_2995,+(x_2999,+(x_3003,+(x_3007,+(x_3011,+(x_3015,+(x_3019,+(x_3023,+(x_3027,+(x_3031,+(x_3035,+(x_3039,+(x_3043,+(x_3047,+(x_3051,+(x_3055,+(x_3059,+(x_3063,+(x_3067,+(x_3071,+(x_3075,+(x_3079,+(x_3083,+(x_3087,+(x_3091,+(x_3095,+(x_3099,+(x_3103,+(x_3107,+(x_3111,+(x_3115,+(x_3119,+(x_3123,+(x_3127,+(x_3131,+(x_3135,+(x_3139,+(x_3143,+(x_3147,+(x_3151,+(x_3155,+(x_3159,+(x_3163,+(x_3167,+(x_3171,+(x_3175,+(x_3179,+(x_3183,+(x_3187,+(x_3191,+(x_3195,+(x_3199,+(x_3203,+(x_3207,+(x_3211,+(x_3215,+(x_3219,+(x_3223,+(x_3227,+(x_3231,+(x_3235,+(x_3239,+(x_3243,+(x_3247,+(x_3251,+(x_3255,+(x_3259,+(x_3263,+(x_3267,+(x_3271,+(x_3275,+(x_3279,+(x_3283,+(x_3287,+(x_3291,+(x_3295,+(x_3299,+(x_3303,+(x_3307,+(x_3311,+(x_3315,+(x_3319,+(x_3323,+(x_3327,+(x_3331,+(x_3335,+(x_3339,+(x_3343,+(x_3347,+(x_3351,+(x_3355,+(x_3359,+(x_3363,+(x_3367,+(x_3371,+(x_3375,+(x_3379,+(x_3383,+(x_3387,+(x_3391,+(x_3395,+(x_3399,+(x_3403,+(x_3407,+(x_3411,+(x_3415,+(x_3419,+(x_3423,+(x_3427,+(x_3431,+(x_3435,+(x_3439,+(x_3443,+(x_3447,+(x_3451,+(x_3455,+(x_3459,+(x_3463,+(x_3467,+(x_3471,+(x_3475,+(x_3479,+(x_3483,+(x_3487,+(x_3491,+(x_3495,+(x_3499,+(x_3503,+(x_3507,+(x_3511,+(x_3515,+(x_3519,+(x_3523,+(x_3527,+(x_3531,+(x_3535,+(x_3539,+(x_3543,+(x_3547,+(x_3551,+(x_3555,+(x_3559,+(x_3563,+(x_3567,+(x_3571,+(x_3575,+(x_3579,+(x_3583,+(x_3587,+(x_3591,+(x_3595,+(x_3599,+(x_3603,+(x_3607,+(x_3611,+(x_3615,+(x_3619,+(x_3623,+(x_3627,+(x_3631,+(x_3635,+(x_3639,+(x_3643,+(x_3647,+(x_3651,+(x_3655,+(x_3659,+(x_3663,+(x_3667,+(x_3671,+(x_3675,+(x_3679,+(x_3683,+(x_3687,+(x_3691,+(x_3695,+(x_3699,+(x_3703,+(x_3707,+(x_3711,+(x_3715,+(x_3719,+(x_3723,+(x_3727,+(x_3731,+(x_3735,+(x_3739,+(x_3743,+(x_3747,+(x_3751,+(x_3755,+(x_3759,+(x_3763,+(x_3767,+(x_3771,+(x_3775,+(x_3779,+(x_3783,+(x_3787,+(x_3791,+(x_3795,+(x_3799,+(x_3803,+(x_3807,+(x_3811,+(x_3815,+(x_3819,+(x_3823,+(x_3827,+(x_3831,+(x_3835,+(x_3839,+(x_3843,+(x_3847,+(x_3851,+(x_3855,+(x_3859,+(x_3863,+(x_3867,+(x_3871,+(x_3875,+(x_3879,+(x_3883,+(x_3887,+(x_3891,+(x_3895,+(x_3899,+(x_3903,+(x_3907,+(x_3911,+(x_3915,+(x_3919,+(x_3923,+(x_3927,+(x_3931,+(x_3935,+(x_3939,+(x_3943,+(x_3947,+(x_3951,+(x_3955,+(x_3959,+(x_3963,+(x_3967,+(x_3971,+(x_3975,+(x_3979,+(x_3983,+(x_3987,+(x_3991,+(x_3995,+(x_3999,0))))))))))))))))))))))))))))))))))))))))))))))))))))))))))))))))))))))))))))))))))))))))))))))))))))))))))))))))))))))))))))))))))))))))))))))))))))))))))))))))))))))))))))))))))))))))))))))))))))))))))))))))))))))))))))))))))))))))))))))))))))))))))))))))))))))))))))))))))))))))))))))))))))))))))))))))))))))))))))))))))))))))))))))))))))))))))))))))))))))))))))))))))))))))))))))))))))))))))))))))))))))))))))))))))))))))))))))))))))))))))))))))))))))))))))))))))))))))))))))))))))))))))))))))))))))))))))))))))))))))))))))))))))))))))))))))))))))))))))))))))))))))))))))))))))))))))))))))))))))))))))))))))))))))))))))))))))))))))))))))))))))))))))))))))))))))))))))))))))))))))))))))))))))))))))))))))))))))))))))))))))))))))))))))))))))))))))))))))))))))))))))))))))))))))))))))))))))))))))))))))))))))))))))))))))))))))))))))))))))))))))))))))))))))))))))))))))))))))))))))))))))))))))))))))))))))))))))))))))))))))))))))))))))))))))))))))))))))))))))))))))))))))))))))))))))))))))))))))))))))
val it = 500500 : int
