Running ../../examples/sum-eval-trace-slice-where.tml
500500
val it = 500500 : int
