Running ../../examples/sum-eval-trace-profile2.tml
Profile {unProfile = fromList [((_root,sum),1),((sum,sum),1000)]}
val it =  500500 : int
