Running ../../examples/sum-eval-trace-size.tml
val it = 2002 : int
