Running ../../examples/T13.tml
Type error: Function application error. Expected a function type but got type UnitTy
