Running ../../examples/T47.tml
val it = let x = ref 1 in
(x := !x - 1 ;; _) + (1 / !x) : trace(int)
