Running ../../examples/T56.tml
val it = 1000000000000000000000000000001 : int
