Running ../../examples/uncurried-componentwise-sum.tml
val it = (8, 10) : (int * int)
