Running ../foo.tml
val it =  roll(inr((1,roll(inr((4,roll(inl(())))))))) : intlist
