Running ../sort-eval-trace.tml
val it =  500500 : int
