Running ../sort-slice-size.tml
val it =  (76828,36939) : (int * int)
