Running ../sum-eval-trace.tml
val it =  500500 : int
