Running ../sum-eval-trace-slice.tml
val it =  500500 : int
